// Jest Snapshot v1, https://goo.gl/fbAQLP

exports[`generate typings > arguments match snapshot 1`] = `
"/*
 *
 * ARGUMENTS TYPES
 *
 */

export interface ArgsMutationPost {
  data: PostCreateInput
}

export interface ArgsMutationUser {
  data: UserCreateInput
}

export interface ArgsMutationBatchPayload {
  where?: PostWhereInput | null
}

export interface ArgsMutationBatchPayload {
  where?: UserWhereInput | null
}

export interface ArgsMutationPost {
  where: PostWhereUniqueInput
}

export interface ArgsMutationUser {
  where: UserWhereUniqueInput
}

export interface ArgsMutationBatchPayload {
  data: PostUpdateManyMutationInput
  where?: PostWhereInput | null
}

export interface ArgsMutationBatchPayload {
  data: UserUpdateManyMutationInput
  where?: UserWhereInput | null
}

export interface ArgsMutationPost {
  data: PostUpdateInput
  where: PostWhereUniqueInput
}

export interface ArgsMutationUser {
  data: UserUpdateInput
  where: UserWhereUniqueInput
}

export interface ArgsMutationPost {
  create: PostCreateInput
  update: PostUpdateInput
  where: PostWhereUniqueInput
}

export interface ArgsMutationUser {
  create: UserCreateInput
  update: UserUpdateInput
  where: UserWhereUniqueInput
}

export interface ArgsQueryNode {
  id: string
}

export interface ArgsQueryPost {
  where: PostWhereUniqueInput
}

export interface ArgsQueryPost {
  after?: string | null
  before?: string | null
  first?: number | null
  last?: number | null
  orderBy?: PostOrderByInput | null
  skip?: number | null
  where?: PostWhereInput | null
}

export interface ArgsQueryPostConnection {
  after?: string | null
  before?: string | null
  first?: number | null
  last?: number | null
  orderBy?: PostOrderByInput | null
  skip?: number | null
  where?: PostWhereInput | null
}

export interface ArgsQueryUser {
  where: UserWhereUniqueInput
}

export interface ArgsQueryUser {
  after?: string | null
  before?: string | null
  first?: number | null
  last?: number | null
  orderBy?: UserOrderByInput | null
  skip?: number | null
  where?: UserWhereInput | null
}

export interface ArgsQueryUserConnection {
  after?: string | null
  before?: string | null
  first?: number | null
  last?: number | null
  orderBy?: UserOrderByInput | null
  skip?: number | null
  where?: UserWhereInput | null
}

export interface ArgsUserPost {
  after?: string | null
  before?: string | null
  first?: number | null
  last?: number | null
  orderBy?: PostOrderByInput | null
  skip?: number | null
  where?: PostWhereInput | null
}

"
`;
